
> backend@0.0.1 build
> nest build

node.exe : [96msrc/admin/a
dmin.controller.ts[0m:[93
m4[0m:[93m30[0m - 
[91merror[0m[90m 
TS2307: [0mCannot find 
module '../auth/guards/jwt-
auth.guard' or its 
corresponding type 
declarations.
En línea: 1 Carácter: 1
+ & "C:\Program 
Files\nodejs/node.exe" 
"C:\Program 
Files\nodejs/node_mo ...
+ ~~~~~~~~~~~~~~~~~~~~~~~~~
~~~~~~~~~~~~~~~~~~~~~~~~~~~
~~~~~~~~~~~~~~~~~
    + CategoryInfo         
     : NotSpecified: ([9  
  6msrc/admin/...e decla   
 rations.:String) [], R    
emoteException
    + FullyQualifiedErrorI 
   d : NativeCommandError
 

[7m4[0m import { 
JwtAuthGuard } from '../aut
h/guards/jwt-auth.guard';
[7m [0m [91m            
                 ~~~~~~~~~~
~~~~~~~~~~~~~~~~~~~~~[0m
[96msrc/admin/admin.contro
ller.ts[0m:[93m5[0m:[93
m28[0m - 
[91merror[0m[90m 
TS2307: [0mCannot find 
module '../auth/guards/role
s.guard' or its 
corresponding type 
declarations.

[7m5[0m import { 
RolesGuard } from '../auth/
guards/roles.guard';
[7m [0m [91m            
               ~~~~~~~~~~~~
~~~~~~~~~~~~~~~~[0m
[96msrc/admin/admin.contro
ller.ts[0m:[93m6[0m:[93
m23[0m - 
[91merror[0m[90m 
TS2307: [0mCannot find 
module '../auth/decorators/
roles.decorator' or its 
corresponding type 
declarations.

[7m6[0m import { Roles } 
from '../auth/decorators/ro
les.decorator';
[7m [0m [91m            
          ~~~~~~~~~~~~~~~~~
~~~~~~~~~~~~~~~~~~~[0m
[96msrc/admin/admin.servic
e.ts[0m:[93m26[0m:[93m2
2[0m - 
[91merror[0m[90m 
TS2339: [0mProperty 
'ARRIVED_AT_PICKUP' does 
not exist on type 'typeof 
TripStatus'.

[7m26[0m           TripSt
atus.ARRIVED_AT_PICKUP,
[7m  [0m [91m           
          
~~~~~~~~~~~~~~~~~[0m

Found 4 error(s).

